[0.144s] DEBUG:colcon:Command line arguments: ['/usr/bin/colcon', 'build', '--symlink-install']
[0.144s] DEBUG:colcon:Parsed command line arguments: Namespace(log_base=None, log_level=None, verb_name='build', build_base='build', install_base='install', merge_install=False, symlink_install=True, test_result_base=None, continue_on_error=False, executor='parallel', parallel_workers=8, event_handlers=None, ignore_user_meta=False, metas=['./colcon.meta'], base_paths=['.'], packages_ignore=None, packages_ignore_regex=None, paths=None, packages_up_to=None, packages_up_to_regex=None, packages_above=None, packages_above_and_dependencies=None, packages_above_depth=None, packages_select_by_dep=None, packages_skip_by_dep=None, packages_skip_up_to=None, packages_select_build_failed=False, packages_skip_build_finished=False, packages_select_test_failures=False, packages_skip_test_passed=False, packages_select=None, packages_skip=None, packages_select_regex=None, packages_skip_regex=None, packages_start=None, packages_end=None, cmake_args=None, cmake_target=None, cmake_target_skip_unavailable=False, cmake_clean_cache=False, cmake_clean_first=False, cmake_force_configure=False, ament_cmake_args=None, catkin_cmake_args=None, catkin_skip_building_tests=False, mixin_files=None, mixin=None, verb_parser=<colcon_mixin.mixin.mixin_argument.MixinArgumentDecorator object at 0x7f327877c460>, verb_extension=<colcon_core.verb.build.BuildVerb object at 0x7f32788993f0>, main=<bound method BuildVerb.main of <colcon_core.verb.build.BuildVerb object at 0x7f32788993f0>>, mixin_verb=('build',))
[0.198s] Level 1:colcon.colcon_core.package_discovery:discover_packages(colcon_meta) check parameters
[0.198s] Level 1:colcon.colcon_core.package_discovery:discover_packages(recursive) check parameters
[0.199s] Level 1:colcon.colcon_core.package_discovery:discover_packages(ignore) check parameters
[0.199s] Level 1:colcon.colcon_core.package_discovery:discover_packages(path) check parameters
[0.199s] Level 1:colcon.colcon_core.package_discovery:discover_packages(colcon_meta) discover
[0.200s] Level 1:colcon.colcon_core.package_discovery:discover_packages(recursive) discover
[0.200s] INFO:colcon.colcon_core.package_discovery:Crawling recursively for packages in '/uio/hume/student-u88/johnrav/in4140/pid_assignment'
[0.200s] Level 1:colcon.colcon_core.package_identification:_identify(.) by extensions ['ignore', 'ignore_ament_install']
[0.200s] Level 1:colcon.colcon_core.package_identification:_identify(.) by extension 'ignore'
[0.201s] Level 1:colcon.colcon_core.package_identification:_identify(.) by extension 'ignore_ament_install'
[0.201s] Level 1:colcon.colcon_core.package_identification:_identify(.) by extensions ['colcon_pkg']
[0.201s] Level 1:colcon.colcon_core.package_identification:_identify(.) by extension 'colcon_pkg'
[0.202s] Level 1:colcon.colcon_core.package_identification:_identify(.) by extensions ['colcon_meta']
[0.202s] Level 1:colcon.colcon_core.package_identification:_identify(.) by extension 'colcon_meta'
[0.203s] Level 1:colcon.colcon_core.package_identification:_identify(.) by extensions ['ros']
[0.203s] Level 1:colcon.colcon_core.package_identification:_identify(.) by extension 'ros'
[0.221s] DEBUG:colcon.colcon_core.package_identification:Package '.' with type 'ros.ament_python' and name 'pid_assignment'
[0.222s] Level 1:colcon.colcon_core.package_discovery:discover_packages(recursive) using defaults
[0.222s] Level 1:colcon.colcon_core.package_discovery:discover_packages(ignore) discover
[0.222s] Level 1:colcon.colcon_core.package_discovery:discover_packages(ignore) using defaults
[0.223s] Level 1:colcon.colcon_core.package_discovery:discover_packages(path) discover
[0.225s] Level 1:colcon.colcon_core.package_discovery:discover_packages(path) using defaults
[0.249s] Level 5:colcon.colcon_core.verb:set package 'pid_assignment' build argument 'cmake_args' from command line to 'None'
[0.249s] Level 5:colcon.colcon_core.verb:set package 'pid_assignment' build argument 'cmake_target' from command line to 'None'
[0.249s] Level 5:colcon.colcon_core.verb:set package 'pid_assignment' build argument 'cmake_target_skip_unavailable' from command line to 'False'
[0.249s] Level 5:colcon.colcon_core.verb:set package 'pid_assignment' build argument 'cmake_clean_cache' from command line to 'False'
[0.250s] Level 5:colcon.colcon_core.verb:set package 'pid_assignment' build argument 'cmake_clean_first' from command line to 'False'
[0.250s] Level 5:colcon.colcon_core.verb:set package 'pid_assignment' build argument 'cmake_force_configure' from command line to 'False'
[0.250s] Level 5:colcon.colcon_core.verb:set package 'pid_assignment' build argument 'ament_cmake_args' from command line to 'None'
[0.250s] Level 5:colcon.colcon_core.verb:set package 'pid_assignment' build argument 'catkin_cmake_args' from command line to 'None'
[0.251s] Level 5:colcon.colcon_core.verb:set package 'pid_assignment' build argument 'catkin_skip_building_tests' from command line to 'False'
[0.251s] DEBUG:colcon.colcon_core.verb:Building package 'pid_assignment' with the following arguments: {'ament_cmake_args': None, 'build_base': '/uio/hume/student-u88/johnrav/in4140/pid_assignment/build/pid_assignment', 'catkin_cmake_args': None, 'catkin_skip_building_tests': False, 'cmake_args': None, 'cmake_clean_cache': False, 'cmake_clean_first': False, 'cmake_force_configure': False, 'cmake_target': None, 'cmake_target_skip_unavailable': False, 'install_base': '/uio/hume/student-u88/johnrav/in4140/pid_assignment/install/pid_assignment', 'merge_install': False, 'path': '/uio/hume/student-u88/johnrav/in4140/pid_assignment', 'symlink_install': True, 'test_result_base': None}
[0.252s] INFO:colcon.colcon_core.executor:Executing jobs using 'parallel' executor
[0.254s] DEBUG:colcon.colcon_parallel_executor.executor.parallel:run_until_complete
[0.254s] INFO:colcon.colcon_ros.task.ament_python.build:Building ROS package in '/uio/hume/student-u88/johnrav/in4140/pid_assignment' with build type 'ament_python'
[0.254s] Level 1:colcon.colcon_core.shell:create_environment_hook('pid_assignment', 'ament_prefix_path')
[0.256s] INFO:colcon.colcon_core.plugin_system:Skipping extension 'colcon_core.shell.bat': Not used on non-Windows systems
[0.257s] INFO:colcon.colcon_core.shell:Creating environment hook '/uio/hume/student-u88/johnrav/in4140/pid_assignment/install/pid_assignment/share/pid_assignment/hook/ament_prefix_path.ps1'
[0.259s] INFO:colcon.colcon_core.shell:Creating environment descriptor '/uio/hume/student-u88/johnrav/in4140/pid_assignment/install/pid_assignment/share/pid_assignment/hook/ament_prefix_path.dsv'
[0.261s] INFO:colcon.colcon_core.shell:Creating environment hook '/uio/hume/student-u88/johnrav/in4140/pid_assignment/install/pid_assignment/share/pid_assignment/hook/ament_prefix_path.sh'
[0.264s] INFO:colcon.colcon_core.shell:Skip shell extension 'powershell' for command environment: Not usable outside of PowerShell
[0.264s] DEBUG:colcon.colcon_core.shell:Skip shell extension 'dsv' for command environment
[0.564s] INFO:colcon.colcon_core.task.python.build:Building Python package in '/uio/hume/student-u88/johnrav/in4140/pid_assignment'
[0.565s] INFO:colcon.colcon_core.shell:Skip shell extension 'powershell' for command environment: Not usable outside of PowerShell
[0.565s] DEBUG:colcon.colcon_core.shell:Skip shell extension 'dsv' for command environment
[1.302s] DEBUG:colcon.colcon_core.event_handler.log_command:Invoking command in '/uio/hume/student-u88/johnrav/in4140/pid_assignment/build/pid_assignment': HISTTIMEFORMAT=%FT%T PS1=\u@in3140-ros2 \W> PYTHONPATH=/uio/hume/student-u88/johnrav/in4140/pid_assignment/build/pid_assignment/prefix_override:/usr/lib/python3/dist-packages/colcon_core/task/python/colcon_distutils_commands:/uio/hume/student-u88/johnrav/in4140/pid_assignment/install/pid_assignment/lib/python3.10/site-packages:${PYTHONPATH} /usr/bin/python3 -W ignore:setup.py install is deprecated -W ignore:easy_install command is deprecated setup.py develop --editable --build-directory /uio/hume/student-u88/johnrav/in4140/pid_assignment/build/pid_assignment/build --no-deps symlink_data
[1.950s] Level 1:colcon.colcon_core.shell:create_environment_hook('pid_assignment', 'pythonpath_develop')
[1.950s] INFO:colcon.colcon_core.shell:Creating environment hook '/uio/hume/student-u88/johnrav/in4140/pid_assignment/build/pid_assignment/src/share/pid_assignment/hook/pythonpath_develop.ps1'
[1.950s] DEBUG:colcon.colcon_core.event_handler.log_command:Invoked command in '/uio/hume/student-u88/johnrav/in4140/pid_assignment/build/pid_assignment' returned '0': HISTTIMEFORMAT=%FT%T PS1=\u@in3140-ros2 \W> PYTHONPATH=/uio/hume/student-u88/johnrav/in4140/pid_assignment/build/pid_assignment/prefix_override:/usr/lib/python3/dist-packages/colcon_core/task/python/colcon_distutils_commands:/uio/hume/student-u88/johnrav/in4140/pid_assignment/install/pid_assignment/lib/python3.10/site-packages:${PYTHONPATH} /usr/bin/python3 -W ignore:setup.py install is deprecated -W ignore:easy_install command is deprecated setup.py develop --editable --build-directory /uio/hume/student-u88/johnrav/in4140/pid_assignment/build/pid_assignment/build --no-deps symlink_data
[1.952s] INFO:colcon.colcon_core.shell:Creating environment descriptor '/uio/hume/student-u88/johnrav/in4140/pid_assignment/build/pid_assignment/src/share/pid_assignment/hook/pythonpath_develop.dsv'
[1.953s] INFO:colcon.colcon_core.shell:Creating environment hook '/uio/hume/student-u88/johnrav/in4140/pid_assignment/build/pid_assignment/src/share/pid_assignment/hook/pythonpath_develop.sh'
[1.957s] Level 1:colcon.colcon_core.environment:checking '/uio/hume/student-u88/johnrav/in4140/pid_assignment/install/pid_assignment' for CMake module files
[1.958s] Level 1:colcon.colcon_core.environment:checking '/uio/hume/student-u88/johnrav/in4140/pid_assignment/install/pid_assignment' for CMake config files
[1.960s] Level 1:colcon.colcon_core.environment:checking '/uio/hume/student-u88/johnrav/in4140/pid_assignment/install/pid_assignment/lib'
[1.961s] Level 1:colcon.colcon_core.environment:checking '/uio/hume/student-u88/johnrav/in4140/pid_assignment/install/pid_assignment/bin'
[1.961s] Level 1:colcon.colcon_core.environment:checking '/uio/hume/student-u88/johnrav/in4140/pid_assignment/install/pid_assignment/lib/pkgconfig/pid_assignment.pc'
[1.961s] Level 1:colcon.colcon_core.environment:checking '/uio/hume/student-u88/johnrav/in4140/pid_assignment/install/pid_assignment/lib/python3.10/site-packages'
[1.962s] Level 1:colcon.colcon_core.shell:create_environment_hook('pid_assignment', 'pythonpath')
[1.962s] INFO:colcon.colcon_core.shell:Creating environment hook '/uio/hume/student-u88/johnrav/in4140/pid_assignment/install/pid_assignment/share/pid_assignment/hook/pythonpath.ps1'
[1.964s] INFO:colcon.colcon_core.shell:Creating environment descriptor '/uio/hume/student-u88/johnrav/in4140/pid_assignment/install/pid_assignment/share/pid_assignment/hook/pythonpath.dsv'
[1.965s] INFO:colcon.colcon_core.shell:Creating environment hook '/uio/hume/student-u88/johnrav/in4140/pid_assignment/install/pid_assignment/share/pid_assignment/hook/pythonpath.sh'
[1.966s] Level 1:colcon.colcon_core.environment:checking '/uio/hume/student-u88/johnrav/in4140/pid_assignment/install/pid_assignment/bin'
[1.966s] Level 1:colcon.colcon_core.environment:create_environment_scripts_only(pid_assignment)
[1.967s] INFO:colcon.colcon_core.shell:Creating package script '/uio/hume/student-u88/johnrav/in4140/pid_assignment/install/pid_assignment/share/pid_assignment/package.ps1'
[1.968s] INFO:colcon.colcon_core.shell:Creating package descriptor '/uio/hume/student-u88/johnrav/in4140/pid_assignment/install/pid_assignment/share/pid_assignment/package.dsv'
[1.970s] INFO:colcon.colcon_core.shell:Creating package script '/uio/hume/student-u88/johnrav/in4140/pid_assignment/install/pid_assignment/share/pid_assignment/package.sh'
[1.971s] INFO:colcon.colcon_core.shell:Creating package script '/uio/hume/student-u88/johnrav/in4140/pid_assignment/install/pid_assignment/share/pid_assignment/package.bash'
[1.972s] INFO:colcon.colcon_core.shell:Creating package script '/uio/hume/student-u88/johnrav/in4140/pid_assignment/install/pid_assignment/share/pid_assignment/package.zsh'
[1.974s] Level 1:colcon.colcon_core.environment:create_file_with_runtime_dependencies(/uio/hume/student-u88/johnrav/in4140/pid_assignment/install/pid_assignment/share/colcon-core/packages/pid_assignment)
[1.975s] DEBUG:colcon.colcon_parallel_executor.executor.parallel:closing loop
[1.976s] DEBUG:colcon.colcon_parallel_executor.executor.parallel:loop closed
[1.976s] DEBUG:colcon.colcon_parallel_executor.executor.parallel:run_until_complete finished with '0'
[1.976s] DEBUG:colcon.colcon_core.event_reactor:joining thread
[1.977s] DEBUG:colcon.colcon_core.event_reactor:joined thread
[1.977s] INFO:colcon.colcon_core.shell:Creating prefix script '/uio/hume/student-u88/johnrav/in4140/pid_assignment/install/local_setup.ps1'
[1.979s] INFO:colcon.colcon_core.shell:Creating prefix util module '/uio/hume/student-u88/johnrav/in4140/pid_assignment/install/_local_setup_util_ps1.py'
[1.980s] INFO:colcon.colcon_core.shell:Creating prefix chain script '/uio/hume/student-u88/johnrav/in4140/pid_assignment/install/setup.ps1'
[1.983s] INFO:colcon.colcon_core.shell:Creating prefix script '/uio/hume/student-u88/johnrav/in4140/pid_assignment/install/local_setup.sh'
[1.984s] INFO:colcon.colcon_core.shell:Creating prefix util module '/uio/hume/student-u88/johnrav/in4140/pid_assignment/install/_local_setup_util_sh.py'
[1.986s] INFO:colcon.colcon_core.shell:Creating prefix chain script '/uio/hume/student-u88/johnrav/in4140/pid_assignment/install/setup.sh'
[2.002s] INFO:colcon.colcon_core.shell:Creating prefix script '/uio/hume/student-u88/johnrav/in4140/pid_assignment/install/local_setup.bash'
[2.004s] INFO:colcon.colcon_core.shell:Creating prefix chain script '/uio/hume/student-u88/johnrav/in4140/pid_assignment/install/setup.bash'
[2.007s] INFO:colcon.colcon_core.shell:Creating prefix script '/uio/hume/student-u88/johnrav/in4140/pid_assignment/install/local_setup.zsh'
[2.008s] INFO:colcon.colcon_core.shell:Creating prefix chain script '/uio/hume/student-u88/johnrav/in4140/pid_assignment/install/setup.zsh'
