[0.456s] DEBUG:colcon:Command line arguments: ['/usr/bin/colcon', 'build', '--symlink-install']
[0.456s] DEBUG:colcon:Parsed command line arguments: Namespace(log_base=None, log_level=None, verb_name='build', build_base='build', install_base='install', merge_install=False, symlink_install=True, test_result_base=None, continue_on_error=False, executor='parallel', parallel_workers=8, event_handlers=None, ignore_user_meta=False, metas=['./colcon.meta'], base_paths=['.'], packages_ignore=None, packages_ignore_regex=None, paths=None, packages_up_to=None, packages_up_to_regex=None, packages_above=None, packages_above_and_dependencies=None, packages_above_depth=None, packages_select_by_dep=None, packages_skip_by_dep=None, packages_skip_up_to=None, packages_select_build_failed=False, packages_skip_build_finished=False, packages_select_test_failures=False, packages_skip_test_passed=False, packages_select=None, packages_skip=None, packages_select_regex=None, packages_skip_regex=None, packages_start=None, packages_end=None, cmake_args=None, cmake_target=None, cmake_target_skip_unavailable=False, cmake_clean_cache=False, cmake_clean_first=False, cmake_force_configure=False, ament_cmake_args=None, catkin_cmake_args=None, catkin_skip_building_tests=False, mixin_files=None, mixin=None, verb_parser=<colcon_mixin.mixin.mixin_argument.MixinArgumentDecorator object at 0x7f83a8a80370>, verb_extension=<colcon_core.verb.build.BuildVerb object at 0x7f83a8b95300>, main=<bound method BuildVerb.main of <colcon_core.verb.build.BuildVerb object at 0x7f83a8b95300>>, mixin_verb=('build',))
[0.595s] Level 1:colcon.colcon_core.package_discovery:discover_packages(colcon_meta) check parameters
[0.595s] Level 1:colcon.colcon_core.package_discovery:discover_packages(recursive) check parameters
[0.595s] Level 1:colcon.colcon_core.package_discovery:discover_packages(ignore) check parameters
[0.596s] Level 1:colcon.colcon_core.package_discovery:discover_packages(path) check parameters
[0.596s] Level 1:colcon.colcon_core.package_discovery:discover_packages(colcon_meta) discover
[0.597s] Level 1:colcon.colcon_core.package_discovery:discover_packages(recursive) discover
[0.597s] INFO:colcon.colcon_core.package_discovery:Crawling recursively for packages in '/uio/hume/student-u88/johnrav/in4140/pid_assignment'
[0.598s] Level 1:colcon.colcon_core.package_identification:_identify(.) by extensions ['ignore', 'ignore_ament_install']
[0.598s] Level 1:colcon.colcon_core.package_identification:_identify(.) by extension 'ignore'
[0.599s] Level 1:colcon.colcon_core.package_identification:_identify(.) by extension 'ignore_ament_install'
[0.599s] Level 1:colcon.colcon_core.package_identification:_identify(.) by extensions ['colcon_pkg']
[0.599s] Level 1:colcon.colcon_core.package_identification:_identify(.) by extension 'colcon_pkg'
[0.600s] Level 1:colcon.colcon_core.package_identification:_identify(.) by extensions ['colcon_meta']
[0.600s] Level 1:colcon.colcon_core.package_identification:_identify(.) by extension 'colcon_meta'
[0.600s] Level 1:colcon.colcon_core.package_identification:_identify(.) by extensions ['ros']
[0.601s] Level 1:colcon.colcon_core.package_identification:_identify(.) by extension 'ros'
[0.659s] DEBUG:colcon.colcon_core.package_identification:Package '.' with type 'ros.ament_python' and name 'pid_assignment'
[0.659s] Level 1:colcon.colcon_core.package_discovery:discover_packages(recursive) using defaults
[0.659s] Level 1:colcon.colcon_core.package_discovery:discover_packages(ignore) discover
[0.659s] Level 1:colcon.colcon_core.package_discovery:discover_packages(ignore) using defaults
[0.660s] Level 1:colcon.colcon_core.package_discovery:discover_packages(path) discover
[0.660s] Level 1:colcon.colcon_core.package_discovery:discover_packages(path) using defaults
[0.728s] Level 5:colcon.colcon_core.verb:set package 'pid_assignment' build argument 'cmake_args' from command line to 'None'
[0.728s] Level 5:colcon.colcon_core.verb:set package 'pid_assignment' build argument 'cmake_target' from command line to 'None'
[0.728s] Level 5:colcon.colcon_core.verb:set package 'pid_assignment' build argument 'cmake_target_skip_unavailable' from command line to 'False'
[0.728s] Level 5:colcon.colcon_core.verb:set package 'pid_assignment' build argument 'cmake_clean_cache' from command line to 'False'
[0.728s] Level 5:colcon.colcon_core.verb:set package 'pid_assignment' build argument 'cmake_clean_first' from command line to 'False'
[0.729s] Level 5:colcon.colcon_core.verb:set package 'pid_assignment' build argument 'cmake_force_configure' from command line to 'False'
[0.729s] Level 5:colcon.colcon_core.verb:set package 'pid_assignment' build argument 'ament_cmake_args' from command line to 'None'
[0.729s] Level 5:colcon.colcon_core.verb:set package 'pid_assignment' build argument 'catkin_cmake_args' from command line to 'None'
[0.729s] Level 5:colcon.colcon_core.verb:set package 'pid_assignment' build argument 'catkin_skip_building_tests' from command line to 'False'
[0.729s] DEBUG:colcon.colcon_core.verb:Building package 'pid_assignment' with the following arguments: {'ament_cmake_args': None, 'build_base': '/uio/hume/student-u88/johnrav/in4140/pid_assignment/build/pid_assignment', 'catkin_cmake_args': None, 'catkin_skip_building_tests': False, 'cmake_args': None, 'cmake_clean_cache': False, 'cmake_clean_first': False, 'cmake_force_configure': False, 'cmake_target': None, 'cmake_target_skip_unavailable': False, 'install_base': '/uio/hume/student-u88/johnrav/in4140/pid_assignment/install/pid_assignment', 'merge_install': False, 'path': '/uio/hume/student-u88/johnrav/in4140/pid_assignment', 'symlink_install': True, 'test_result_base': None}
[0.732s] INFO:colcon.colcon_core.executor:Executing jobs using 'parallel' executor
[0.733s] DEBUG:colcon.colcon_parallel_executor.executor.parallel:run_until_complete
[0.733s] INFO:colcon.colcon_ros.task.ament_python.build:Building ROS package in '/uio/hume/student-u88/johnrav/in4140/pid_assignment' with build type 'ament_python'
[0.734s] Level 1:colcon.colcon_core.shell:create_environment_hook('pid_assignment', 'ament_prefix_path')
[0.741s] INFO:colcon.colcon_core.plugin_system:Skipping extension 'colcon_core.shell.bat': Not used on non-Windows systems
[0.742s] INFO:colcon.colcon_core.shell:Creating environment hook '/uio/hume/student-u88/johnrav/in4140/pid_assignment/install/pid_assignment/share/pid_assignment/hook/ament_prefix_path.ps1'
[0.746s] INFO:colcon.colcon_core.shell:Creating environment descriptor '/uio/hume/student-u88/johnrav/in4140/pid_assignment/install/pid_assignment/share/pid_assignment/hook/ament_prefix_path.dsv'
[0.749s] INFO:colcon.colcon_core.shell:Creating environment hook '/uio/hume/student-u88/johnrav/in4140/pid_assignment/install/pid_assignment/share/pid_assignment/hook/ament_prefix_path.sh'
[0.752s] INFO:colcon.colcon_core.shell:Skip shell extension 'powershell' for command environment: Not usable outside of PowerShell
[0.753s] DEBUG:colcon.colcon_core.shell:Skip shell extension 'dsv' for command environment
[1.080s] INFO:colcon.colcon_core.task.python.build:Building Python package in '/uio/hume/student-u88/johnrav/in4140/pid_assignment'
[1.080s] INFO:colcon.colcon_core.shell:Skip shell extension 'powershell' for command environment: Not usable outside of PowerShell
[1.081s] DEBUG:colcon.colcon_core.shell:Skip shell extension 'dsv' for command environment
[2.313s] DEBUG:colcon.colcon_core.event_handler.log_command:Invoking command in '/uio/hume/student-u88/johnrav/in4140/pid_assignment/build/pid_assignment': HISTTIMEFORMAT=%FT%T PS1=\u@in3140-ros2 \W> PYTHONPATH=/uio/hume/student-u88/johnrav/in4140/pid_assignment/build/pid_assignment/prefix_override:/usr/lib/python3/dist-packages/colcon_core/task/python/colcon_distutils_commands:/uio/hume/student-u88/johnrav/in4140/pid_assignment/install/pid_assignment/lib/python3.10/site-packages:${PYTHONPATH} /usr/bin/python3 -W ignore:setup.py install is deprecated -W ignore:easy_install command is deprecated setup.py develop --editable --build-directory /uio/hume/student-u88/johnrav/in4140/pid_assignment/build/pid_assignment/build --no-deps symlink_data
[3.024s] Level 1:colcon.colcon_core.shell:create_environment_hook('pid_assignment', 'pythonpath_develop')
[3.025s] INFO:colcon.colcon_core.shell:Creating environment hook '/uio/hume/student-u88/johnrav/in4140/pid_assignment/build/pid_assignment/src/share/pid_assignment/hook/pythonpath_develop.ps1'
[3.025s] DEBUG:colcon.colcon_core.event_handler.log_command:Invoked command in '/uio/hume/student-u88/johnrav/in4140/pid_assignment/build/pid_assignment' returned '0': HISTTIMEFORMAT=%FT%T PS1=\u@in3140-ros2 \W> PYTHONPATH=/uio/hume/student-u88/johnrav/in4140/pid_assignment/build/pid_assignment/prefix_override:/usr/lib/python3/dist-packages/colcon_core/task/python/colcon_distutils_commands:/uio/hume/student-u88/johnrav/in4140/pid_assignment/install/pid_assignment/lib/python3.10/site-packages:${PYTHONPATH} /usr/bin/python3 -W ignore:setup.py install is deprecated -W ignore:easy_install command is deprecated setup.py develop --editable --build-directory /uio/hume/student-u88/johnrav/in4140/pid_assignment/build/pid_assignment/build --no-deps symlink_data
[3.027s] INFO:colcon.colcon_core.shell:Creating environment descriptor '/uio/hume/student-u88/johnrav/in4140/pid_assignment/build/pid_assignment/src/share/pid_assignment/hook/pythonpath_develop.dsv'
[3.029s] INFO:colcon.colcon_core.shell:Creating environment hook '/uio/hume/student-u88/johnrav/in4140/pid_assignment/build/pid_assignment/src/share/pid_assignment/hook/pythonpath_develop.sh'
[3.040s] Level 1:colcon.colcon_core.environment:checking '/uio/hume/student-u88/johnrav/in4140/pid_assignment/install/pid_assignment' for CMake module files
[3.043s] Level 1:colcon.colcon_core.environment:checking '/uio/hume/student-u88/johnrav/in4140/pid_assignment/install/pid_assignment' for CMake config files
[3.047s] Level 1:colcon.colcon_core.environment:checking '/uio/hume/student-u88/johnrav/in4140/pid_assignment/install/pid_assignment/lib'
[3.047s] Level 1:colcon.colcon_core.environment:checking '/uio/hume/student-u88/johnrav/in4140/pid_assignment/install/pid_assignment/bin'
[3.048s] Level 1:colcon.colcon_core.environment:checking '/uio/hume/student-u88/johnrav/in4140/pid_assignment/install/pid_assignment/lib/pkgconfig/pid_assignment.pc'
[3.048s] Level 1:colcon.colcon_core.environment:checking '/uio/hume/student-u88/johnrav/in4140/pid_assignment/install/pid_assignment/lib/python3.10/site-packages'
[3.049s] Level 1:colcon.colcon_core.shell:create_environment_hook('pid_assignment', 'pythonpath')
[3.049s] INFO:colcon.colcon_core.shell:Creating environment hook '/uio/hume/student-u88/johnrav/in4140/pid_assignment/install/pid_assignment/share/pid_assignment/hook/pythonpath.ps1'
[3.051s] INFO:colcon.colcon_core.shell:Creating environment descriptor '/uio/hume/student-u88/johnrav/in4140/pid_assignment/install/pid_assignment/share/pid_assignment/hook/pythonpath.dsv'
[3.054s] INFO:colcon.colcon_core.shell:Creating environment hook '/uio/hume/student-u88/johnrav/in4140/pid_assignment/install/pid_assignment/share/pid_assignment/hook/pythonpath.sh'
[3.056s] Level 1:colcon.colcon_core.environment:checking '/uio/hume/student-u88/johnrav/in4140/pid_assignment/install/pid_assignment/bin'
[3.056s] Level 1:colcon.colcon_core.environment:create_environment_scripts_only(pid_assignment)
[3.057s] INFO:colcon.colcon_core.shell:Creating package script '/uio/hume/student-u88/johnrav/in4140/pid_assignment/install/pid_assignment/share/pid_assignment/package.ps1'
[3.060s] INFO:colcon.colcon_core.shell:Creating package descriptor '/uio/hume/student-u88/johnrav/in4140/pid_assignment/install/pid_assignment/share/pid_assignment/package.dsv'
[3.063s] INFO:colcon.colcon_core.shell:Creating package script '/uio/hume/student-u88/johnrav/in4140/pid_assignment/install/pid_assignment/share/pid_assignment/package.sh'
[3.066s] INFO:colcon.colcon_core.shell:Creating package script '/uio/hume/student-u88/johnrav/in4140/pid_assignment/install/pid_assignment/share/pid_assignment/package.bash'
[3.069s] INFO:colcon.colcon_core.shell:Creating package script '/uio/hume/student-u88/johnrav/in4140/pid_assignment/install/pid_assignment/share/pid_assignment/package.zsh'
[3.072s] Level 1:colcon.colcon_core.environment:create_file_with_runtime_dependencies(/uio/hume/student-u88/johnrav/in4140/pid_assignment/install/pid_assignment/share/colcon-core/packages/pid_assignment)
[3.073s] DEBUG:colcon.colcon_parallel_executor.executor.parallel:closing loop
[3.074s] DEBUG:colcon.colcon_parallel_executor.executor.parallel:loop closed
[3.074s] DEBUG:colcon.colcon_parallel_executor.executor.parallel:run_until_complete finished with '0'
[3.075s] DEBUG:colcon.colcon_core.event_reactor:joining thread
[3.077s] DEBUG:colcon.colcon_core.event_reactor:joined thread
[3.077s] INFO:colcon.colcon_core.shell:Creating prefix script '/uio/hume/student-u88/johnrav/in4140/pid_assignment/install/local_setup.ps1'
[3.081s] INFO:colcon.colcon_core.shell:Creating prefix util module '/uio/hume/student-u88/johnrav/in4140/pid_assignment/install/_local_setup_util_ps1.py'
[3.085s] INFO:colcon.colcon_core.shell:Creating prefix chain script '/uio/hume/student-u88/johnrav/in4140/pid_assignment/install/setup.ps1'
[3.088s] INFO:colcon.colcon_core.shell:Creating prefix script '/uio/hume/student-u88/johnrav/in4140/pid_assignment/install/local_setup.sh'
[3.091s] INFO:colcon.colcon_core.shell:Creating prefix util module '/uio/hume/student-u88/johnrav/in4140/pid_assignment/install/_local_setup_util_sh.py'
[3.094s] INFO:colcon.colcon_core.shell:Creating prefix chain script '/uio/hume/student-u88/johnrav/in4140/pid_assignment/install/setup.sh'
[3.097s] INFO:colcon.colcon_core.shell:Creating prefix script '/uio/hume/student-u88/johnrav/in4140/pid_assignment/install/local_setup.bash'
[3.100s] INFO:colcon.colcon_core.shell:Creating prefix chain script '/uio/hume/student-u88/johnrav/in4140/pid_assignment/install/setup.bash'
[3.103s] INFO:colcon.colcon_core.shell:Creating prefix script '/uio/hume/student-u88/johnrav/in4140/pid_assignment/install/local_setup.zsh'
[3.106s] INFO:colcon.colcon_core.shell:Creating prefix chain script '/uio/hume/student-u88/johnrav/in4140/pid_assignment/install/setup.zsh'
