[0.946s] Invoking command in '/uio/hume/student-u88/johnrav/in4140/pid_assignment/build/pid_assignment': HISTTIMEFORMAT=%FT%T PS1=\u@in3140-ros2 \W> PYTHONPATH=/uio/hume/student-u88/johnrav/in4140/pid_assignment/build/pid_assignment/prefix_override:/usr/lib/python3/dist-packages/colcon_core/task/python/colcon_distutils_commands:/uio/hume/student-u88/johnrav/in4140/pid_assignment/install/pid_assignment/lib/python3.10/site-packages:${PYTHONPATH} /usr/bin/python3 -W ignore:setup.py install is deprecated -W ignore:easy_install command is deprecated setup.py develop --editable --build-directory /uio/hume/student-u88/johnrav/in4140/pid_assignment/build/pid_assignment/build --no-deps symlink_data
[1.229s] running develop
[1.416s] running egg_info
[1.417s] creating src/pid_assignment.egg-info
[1.432s] writing src/pid_assignment.egg-info/PKG-INFO
[1.437s] writing dependency_links to src/pid_assignment.egg-info/dependency_links.txt
[1.439s] writing entry points to src/pid_assignment.egg-info/entry_points.txt
[1.450s] writing requirements to src/pid_assignment.egg-info/requires.txt
[1.451s] writing top-level names to src/pid_assignment.egg-info/top_level.txt
[1.452s] writing manifest file 'src/pid_assignment.egg-info/SOURCES.txt'
[1.487s] reading manifest file 'src/pid_assignment.egg-info/SOURCES.txt'
[1.489s] writing manifest file 'src/pid_assignment.egg-info/SOURCES.txt'
[1.505s] running build_ext
[1.510s] Creating /uio/hume/student-u88/johnrav/in4140/pid_assignment/install/pid_assignment/lib/python3.10/site-packages/pid-assignment.egg-link (link to src)
[1.514s] Installing node script to /uio/hume/student-u88/johnrav/in4140/pid_assignment/install/pid_assignment/lib/pid_assignment
[1.517s] 
[1.517s] Installed /uio/hume/student-u88/johnrav/in4140/pid_assignment/build/pid_assignment/src
[1.517s] running symlink_data
[1.518s] creating /uio/hume/student-u88/johnrav/in4140/pid_assignment/install/pid_assignment/share/ament_index
[1.519s] creating /uio/hume/student-u88/johnrav/in4140/pid_assignment/install/pid_assignment/share/ament_index/resource_index
[1.520s] creating /uio/hume/student-u88/johnrav/in4140/pid_assignment/install/pid_assignment/share/ament_index/resource_index/packages
[1.532s] symbolically linking /uio/hume/student-u88/johnrav/in4140/pid_assignment/build/pid_assignment/resource/pid_assignment -> /uio/hume/student-u88/johnrav/in4140/pid_assignment/install/pid_assignment/share/ament_index/resource_index/packages
[1.533s] symbolically linking /uio/hume/student-u88/johnrav/in4140/pid_assignment/build/pid_assignment/package.xml -> /uio/hume/student-u88/johnrav/in4140/pid_assignment/install/pid_assignment/share/pid_assignment
[1.534s] creating /uio/hume/student-u88/johnrav/in4140/pid_assignment/install/pid_assignment/share/pid_assignment/launch
[1.535s] symbolically linking /uio/hume/student-u88/johnrav/in4140/pid_assignment/build/pid_assignment/launch/pid.launch.py -> /uio/hume/student-u88/johnrav/in4140/pid_assignment/install/pid_assignment/share/pid_assignment/launch
[1.536s] symbolically linking /uio/hume/student-u88/johnrav/in4140/pid_assignment/build/pid_assignment/launch/crustcrawler.perspective -> /uio/hume/student-u88/johnrav/in4140/pid_assignment/install/pid_assignment/share/pid_assignment/launch
[1.537s] creating /uio/hume/student-u88/johnrav/in4140/pid_assignment/install/pid_assignment/share/pid_assignment/cfg
[1.550s] symbolically linking /uio/hume/student-u88/johnrav/in4140/pid_assignment/build/pid_assignment/cfg/Pid.yaml -> /uio/hume/student-u88/johnrav/in4140/pid_assignment/install/pid_assignment/share/pid_assignment/cfg
[1.586s] Invoked command in '/uio/hume/student-u88/johnrav/in4140/pid_assignment/build/pid_assignment' returned '0': HISTTIMEFORMAT=%FT%T PS1=\u@in3140-ros2 \W> PYTHONPATH=/uio/hume/student-u88/johnrav/in4140/pid_assignment/build/pid_assignment/prefix_override:/usr/lib/python3/dist-packages/colcon_core/task/python/colcon_distutils_commands:/uio/hume/student-u88/johnrav/in4140/pid_assignment/install/pid_assignment/lib/python3.10/site-packages:${PYTHONPATH} /usr/bin/python3 -W ignore:setup.py install is deprecated -W ignore:easy_install command is deprecated setup.py develop --editable --build-directory /uio/hume/student-u88/johnrav/in4140/pid_assignment/build/pid_assignment/build --no-deps symlink_data
